[crypo.netlify.app/landing-page-dark.html]
[backblue.gif]
[fade.gif]
[index.html]
[crypo.netlify.app/assets/img/favicon.png]
[crypo.netlify.app/assets/css/style.css]
[crypo.netlify.app/exchange-dark.html]
[crypo.netlify.app/assets/img/logo-light.svg]
[crypo.netlify.app/landing-page-dark-two.html]
[crypo.netlify.app/exchange-dark-live-price.html]
[crypo.netlify.app/exchange-dark-ticker.html]
[crypo.netlify.app/exchange-dark-fluid.html]
[crypo.netlify.app/markets-dark.html]
[crypo.netlify.app/market-capital-dark.html]
[crypo.netlify.app/market-capital-bar-dark.html]
[crypo.netlify.app/market-overview-dark.html]
[crypo.netlify.app/market-screener-dark.html]
[crypo.netlify.app/market-crypto-dark.html]
[crypo.netlify.app/settings-profile-dark.html]
[crypo.netlify.app/settings-wallet-dark.html]
[crypo.netlify.app/settings-dark.html]
[crypo.netlify.app/technical-analysis-dark.html]
[crypo.netlify.app/cross-rates-dark.html]
[crypo.netlify.app/symbol-info-dark.html]
[crypo.netlify.app/heat-map-dark.html]
[crypo.netlify.app/signin-dark.html]
[crypo.netlify.app/signup-dark.html]
[crypo.netlify.app/404-dark.html]
[s3.tradingview.com/external-embedding/embed-widget-ticker-tape.js]
[crypo.netlify.app/assets/img/landing/dash-preview-dark.png]
[s3.tradingview.com/external-embedding/embed-widget-hotlists.js]
[crypo.netlify.app/assets/img/landing/stroge.svg]
[crypo.netlify.app/assets/img/landing/backup.svg]
[crypo.netlify.app/assets/img/landing/managment.svg]
[crypo.netlify.app/assets/img/landing/user.svg]
[crypo.netlify.app/assets/img/landing/bank.svg]
[crypo.netlify.app/assets/img/landing/trade.svg]
[crypo.netlify.app/assets/js/jquery-3.4.1.min.js]
[crypo.netlify.app/assets/js/popper.min.js]
[crypo.netlify.app/assets/js/bootstrap.min.js]
[crypo.netlify.app/assets/js/amcharts-core.min.js]
[crypo.netlify.app/assets/js/amcharts.min.js]
[crypo.netlify.app/landing-page-dark.html]
[crypo.netlify.app/assets/js/custom.js]
[crypo.netlify.app/assets/css/bootstrap.min.css]
[crypo.netlify.app/assets/css/ionicons.min.css]
[crypo.netlify.app/assets/css/jquery.mCustomScrollbar.min.css]
[crypo.netlify.app/assets/img/landing/dash-preview.png]
[crypo.netlify.app/assets/img/landing/sub-bg.jpg]
[crypo.netlify.app/assets/css/style.css]
[crypo.netlify.app/assets/img/avatar.svg]
[s3.tradingview.com/tv.js]
[crypo.netlify.app/exchange-dark.html]
[crypo.netlify.app/assets/img/logo-light.svg]
[crypo.netlify.app/assets/js/jquery.mCustomScrollbar.js]
[s3.tradingview.com/external-embedding/embed-widget-technical-analysis.js]
[s3.tradingview.com/external-embedding/embed-widget-screener.js]
[s3.tradingview.com/external-embedding/embed-widget-mini-symbol-overview.js]
[s3.tradingview.com/external-embedding/embed-widget-forex-cross-rates.js]
[s3.tradingview.com/external-embedding/embed-widget-forex-heat-map.js]
[s3.tradingview.com/external-embedding/embed-widget-timeline.js]
[crypo.netlify.app/landing-page-dark-two.html]
[crypo.netlify.app/exchange-dark-live-price.html]
[s3.tradingview.com/external-embedding/embed-widget-tickers.js]
[crypo.netlify.app/assets/img/icon/3.png]
[crypo.netlify.app/assets/img/icon/4.png]
[crypo.netlify.app/exchange-dark-ticker.html]
[crypo.netlify.app/exchange-dark-fluid.html]
[crypo.netlify.app/assets/js/Chart.bundle.min.js]
[crypo.netlify.app/assets/img/icon/1.png]
[crypo.netlify.app/assets/img/icon/2.png]
[crypo.netlify.app/assets/img/icon/5.png]
[crypo.netlify.app/assets/img/icon/6.png]
[crypo.netlify.app/assets/img/icon/7.png]
[crypo.netlify.app/assets/img/icon/8.png]
[crypo.netlify.app/assets/img/icon/9.png]
[crypo.netlify.app/assets/img/icon/10.png]
[crypo.netlify.app/assets/img/icon/11.png]
[crypo.netlify.app/assets/img/icon/12.png]
[crypo.netlify.app/assets/img/icon/13.png]
[crypo.netlify.app/assets/img/icon/14.png]
[crypo.netlify.app/assets/img/icon/15.png]
[crypo.netlify.app/assets/img/icon/16.png]
[crypo.netlify.app/assets/img/icon/17.png]
[crypo.netlify.app/markets-dark.html]
[crypo.netlify.app/market-capital-dark.html]
[crypo.netlify.app/market-capital-bar-dark.html]
[s3.tradingview.com/external-embedding/embed-widget-market-overview.js]
[crypo.netlify.app/market-overview-dark.html]
[crypo.netlify.app/market-screener-dark.html]
[crypo.netlify.app/market-crypto-dark.html]
[crypo.netlify.app/assets/img/icon/18.png]
[crypo.netlify.app/assets/img/qr-code-light.svg]
[crypo.netlify.app/settings-profile-dark.html]
[crypo.netlify.app/settings-wallet-dark.html]
[crypo.netlify.app/settings-dark.html]
[crypo.netlify.app/technical-analysis-dark.html]
[crypo.netlify.app/cross-rates-dark.html]
[s3.tradingview.com/external-embedding/embed-widget-symbol-info.js]
[crypo.netlify.app/symbol-info-dark.html]
[crypo.netlify.app/heat-map-dark.html]
[crypo.netlify.app/reset-password-dark.html]
[crypo.netlify.app/signin-dark.html]
[crypo.netlify.app/signup-dark.html]
[crypo.netlify.app/404-dark.html]
[crypo.netlify.app/assets/img/landing/stroge.svg]
[crypo.netlify.app/assets/img/landing/backup.svg]
[crypo.netlify.app/assets/img/landing/managment.svg]
[crypo.netlify.app/assets/img/landing/user.svg]
[crypo.netlify.app/assets/img/landing/bank.svg]
[crypo.netlify.app/assets/img/landing/trade.svg]
[crypo.netlify.app/assets/css/bootstrap.min.css]
[crypo.netlify.app/assets/fonts/ionicons50c9.eot]
[crypo.netlify.app/assets/fonts/ionicons50c9.woff2]
[crypo.netlify.app/assets/fonts/ionicons50c9.woff]
[crypo.netlify.app/assets/fonts/ionicons50c9.ttf]
[crypo.netlify.app/assets/css/ionicons.min.css]
[crypo.netlify.app/assets/fonts/ionicons50c9.svg]
[crypo.netlify.app/assets/css/mCSB_buttons.53.delayed]
[crypo.netlify.app/assets/css/jquery.mCustomScrollbar.min.css]
[crypo.netlify.app/assets/img/avatar.svg]
[crypo.netlify.app/assets/img/qr-code-light.svg]
[crypo.netlify.app/reset-password-dark.html]
[crypo.netlify.app/assets/fonts/ionicons50c9.svg]
[crypo.netlify.app/assets/css/mCSB_buttons.html]
